[     415ms] [INFO] %cDownload the React DevTools for a better development experience: https://react.dev/link/react-devtools font-weight:bold @ http://localhost:3000/_next/static/chunks/node_modules_next_dist_1e8vcs8._.js:776
[     493ms] [LOG] [HMR] connected @ http://localhost:3000/_next/static/chunks/node_modules_next_dist_1e8vcs8._.js:776
[    4091ms] [INFO] %cDownload the React DevTools for a better development experience: https://react.dev/link/react-devtools font-weight:bold @ http://localhost:3000/_next/static/chunks/node_modules_next_dist_1e8vcs8._.js:776
[    4107ms] [LOG] [HMR] connected @ http://localhost:3000/_next/static/chunks/node_modules_next_dist_1e8vcs8._.js:776
[    7630ms] [INFO] %cDownload the React DevTools for a better development experience: https://react.dev/link/react-devtools font-weight:bold @ http://localhost:3000/_next/static/chunks/node_modules_next_dist_1e8vcs8._.js:776
[    7647ms] [LOG] [HMR] connected @ http://localhost:3000/_next/static/chunks/node_modules_next_dist_1e8vcs8._.js:776
[    7825ms] [WARNING] You have Reduced Motion enabled on your device. Animations may not appear as expected.. For more information and steps for solving, visit https://motion.dev/troubleshooting/reduced-motion-disabled @ http://localhost:3000/_next/static/chunks/node_modules_next_dist_1e8vcs8._.js:776
[    7834ms] [ERROR] A tree hydrated but some attributes of the server rendered HTML didn't match the client properties. This won't be patched up. This can happen if a SSR-ed Client Component used:

- A server/client branch `if (typeof window !== 'undefined')`.
- Variable input such as `Date.now()` or `Math.random()` which changes each time it's called.
- Date formatting in a user's locale which doesn't match the server.
- External changing data without sending a snapshot of it along with the HTML.
- Invalid HTML tag nesting.

It can also happen if the client has a browser extension installed which messes with the HTML before React loaded.

%s%s https://react.dev/link/hydration-mismatch 

  ...
    <KitchenSinkPage>
      <KitchenSink>
        ...
          <Section title="Motion" note="Paper spri...">
            <section className="grid grid-...">
              <div>
              <div className="col-span-1...">
                <MotionSample>
                  <Panel surface="ink">
                    <div className="relative m...">
                      <p>
                      <div className="grid items...">
                        <Cell>
                        <Cell label="ink line ·..." className="w-full">
                          <div className="flex min-w...">
                            <span>
                            <svg viewBox="0 0 240 112" className="h-28 w-full" aria-hidden={true}>
                              <motion.path d="M0 80 C 30..." fill="none" stroke="var(--accent)" strokeWidth="2" ...>
                                <path
                                  d="M0 80 C 30 70, 50 30, 80 46 S 130 96, 160 60 S 210 20, 240 34"
                                  fill="none"
                                  stroke="var(--accent)"
                                  strokeWidth="2"
                                  strokeLinecap="round"
                                  pathLength={1}
                                  strokeDashoffset="0"
+                                 strokeDasharray="1 1"
-                                 strokeDasharray="0 1"
                                  style={{}}
                                  ref={function useMotionRef.useCallback}
                                >
                        ...
 @ http://localhost:3000/_next/static/chunks/node_modules_next_dist_1e8vcs8._.js:1052
[   11879ms] [INFO] %cDownload the React DevTools for a better development experience: https://react.dev/link/react-devtools font-weight:bold @ http://localhost:3000/_next/static/chunks/node_modules_next_dist_1e8vcs8._.js:776
[   11908ms] [LOG] [HMR] connected @ http://localhost:3000/_next/static/chunks/node_modules_next_dist_1e8vcs8._.js:776
[   12055ms] [WARNING] You have Reduced Motion enabled on your device. Animations may not appear as expected.. For more information and steps for solving, visit https://motion.dev/troubleshooting/reduced-motion-disabled @ http://localhost:3000/_next/static/chunks/node_modules_next_dist_1e8vcs8._.js:776
[   12060ms] [ERROR] A tree hydrated but some attributes of the server rendered HTML didn't match the client properties. This won't be patched up. This can happen if a SSR-ed Client Component used:

- A server/client branch `if (typeof window !== 'undefined')`.
- Variable input such as `Date.now()` or `Math.random()` which changes each time it's called.
- Date formatting in a user's locale which doesn't match the server.
- External changing data without sending a snapshot of it along with the HTML.
- Invalid HTML tag nesting.

It can also happen if the client has a browser extension installed which messes with the HTML before React loaded.

%s%s https://react.dev/link/hydration-mismatch 

  ...
    <KitchenSinkPage>
      <KitchenSink>
        ...
          <Section title="Motion" note="Paper spri...">
            <section className="grid grid-...">
              <div>
              <div className="col-span-1...">
                <MotionSample>
                  <Panel surface="ink">
                    <div className="relative m...">
                      <p>
                      <div className="grid items...">
                        <Cell>
                        <Cell label="ink line ·..." className="w-full">
                          <div className="flex min-w...">
                            <span>
                            <svg viewBox="0 0 240 112" className="h-28 w-full" aria-hidden={true}>
                              <motion.path d="M0 80 C 30..." fill="none" stroke="var(--accent)" strokeWidth="2" ...>
                                <path
                                  d="M0 80 C 30 70, 50 30, 80 46 S 130 96, 160 60 S 210 20, 240 34"
                                  fill="none"
                                  stroke="var(--accent)"
                                  strokeWidth="2"
                                  strokeLinecap="round"
                                  pathLength={1}
                                  strokeDashoffset="0"
+                                 strokeDasharray="1 1"
-                                 strokeDasharray="0 1"
                                  style={{}}
                                  ref={function useMotionRef.useCallback}
                                >
                        ...
 @ http://localhost:3000/_next/static/chunks/node_modules_next_dist_1e8vcs8._.js:1052
[   15604ms] [INFO] %cDownload the React DevTools for a better development experience: https://react.dev/link/react-devtools font-weight:bold @ http://localhost:3000/_next/static/chunks/node_modules_next_dist_1e8vcs8._.js:776
[   15620ms] [LOG] [HMR] connected @ http://localhost:3000/_next/static/chunks/node_modules_next_dist_1e8vcs8._.js:776
[   15762ms] [WARNING] You have Reduced Motion enabled on your device. Animations may not appear as expected.. For more information and steps for solving, visit https://motion.dev/troubleshooting/reduced-motion-disabled @ http://localhost:3000/_next/static/chunks/node_modules_next_dist_1e8vcs8._.js:776
[   15767ms] [ERROR] A tree hydrated but some attributes of the server rendered HTML didn't match the client properties. This won't be patched up. This can happen if a SSR-ed Client Component used:

- A server/client branch `if (typeof window !== 'undefined')`.
- Variable input such as `Date.now()` or `Math.random()` which changes each time it's called.
- Date formatting in a user's locale which doesn't match the server.
- External changing data without sending a snapshot of it along with the HTML.
- Invalid HTML tag nesting.

It can also happen if the client has a browser extension installed which messes with the HTML before React loaded.

%s%s https://react.dev/link/hydration-mismatch 

  ...
    <KitchenSinkPage>
      <KitchenSink>
        ...
          <Section title="Motion" note="Paper spri...">
            <section className="grid grid-...">
              <div>
              <div className="col-span-1...">
                <MotionSample>
                  <Panel surface="ink">
                    <div className="relative m...">
                      <p>
                      <div className="grid items...">
                        <Cell>
                        <Cell label="ink line ·..." className="w-full">
                          <div className="flex min-w...">
                            <span>
                            <svg viewBox="0 0 240 112" className="h-28 w-full" aria-hidden={true}>
                              <motion.path d="M0 80 C 30..." fill="none" stroke="var(--accent)" strokeWidth="2" ...>
                                <path
                                  d="M0 80 C 30 70, 50 30, 80 46 S 130 96, 160 60 S 210 20, 240 34"
                                  fill="none"
                                  stroke="var(--accent)"
                                  strokeWidth="2"
                                  strokeLinecap="round"
                                  pathLength={1}
                                  strokeDashoffset="0"
+                                 strokeDasharray="1 1"
-                                 strokeDasharray="0 1"
                                  style={{}}
                                  ref={function useMotionRef.useCallback}
                                >
                        ...
 @ http://localhost:3000/_next/static/chunks/node_modules_next_dist_1e8vcs8._.js:1052
