[     423ms] [INFO] %cDownload the React DevTools for a better development experience: https://react.dev/link/react-devtools font-weight:bold @ http://localhost:3000/_next/static/chunks/node_modules_next_dist_1e8vcs8._.js:776
[     576ms] [LOG] [HMR] connected @ http://localhost:3000/_next/static/chunks/node_modules_next_dist_1e8vcs8._.js:776
[    4861ms] [INFO] %cDownload the React DevTools for a better development experience: https://react.dev/link/react-devtools font-weight:bold @ http://localhost:3000/_next/static/chunks/node_modules_next_dist_1e8vcs8._.js:776
[    4922ms] [LOG] [HMR] connected @ http://localhost:3000/_next/static/chunks/node_modules_next_dist_1e8vcs8._.js:776
[    9021ms] [INFO] %cDownload the React DevTools for a better development experience: https://react.dev/link/react-devtools font-weight:bold @ http://localhost:3000/_next/static/chunks/node_modules_next_dist_1e8vcs8._.js:776
[    9037ms] [LOG] [HMR] connected @ http://localhost:3000/_next/static/chunks/node_modules_next_dist_1e8vcs8._.js:776
[    9081ms] [WARNING] You have Reduced Motion enabled on your device. Animations may not appear as expected.. For more information and steps for solving, visit https://motion.dev/troubleshooting/reduced-motion-disabled @ http://localhost:3000/_next/static/chunks/node_modules_next_dist_1e8vcs8._.js:776
[    9169ms] [ERROR] A tree hydrated but some attributes of the server rendered HTML didn't match the client properties. This won't be patched up. This can happen if a SSR-ed Client Component used:

- A server/client branch `if (typeof window !== 'undefined')`.
- Variable input such as `Date.now()` or `Math.random()` which changes each time it's called.
- Date formatting in a user's locale which doesn't match the server.
- External changing data without sending a snapshot of it along with the HTML.
- Invalid HTML tag nesting.

It can also happen if the client has a browser extension installed which messes with the HTML before React loaded.

%s%s https://react.dev/link/hydration-mismatch 

  ...
    <div className="page-conta...">
      <h1>
      <div>
      <div>
      <div id="showcase" className="enter-rise..." style={{--d:"0.5s"}}>
        <Showcase>
          <div onFocus={function onFocus} onBlur={function onBlur}>
            <TradeTicket>
            <div className="slot-clip ...">
              <div className="relative i..." onPointerEnter={function onPointerEnter} ...>
                <div className={"grid [&>..."}>
                  <AnimatePresence>
                    <PresenceChild isPresent={true} initial={undefined} custom={undefined} presenceAffectsLayout={true} ...>
                      <PopChild pop={false} isPresent={true} anchorX="left" anchorY="top" root={undefined}>
                        <PopChildMeasure isPresent={true} childRef={{current:null}} sizeRef={{...}} pop={false}>
                          <Receipt model={{position:{...}, ...}} serial="#00042" printing={true} delay={0.85} ...>
                            <motion.div initial={false} animate={{y:[...], ...}} exit={{y:28,opacity:0, ...}} ...>
                              <div
                                className="w-full"
                                style={{
+                                 transform: "none"
-                                 transform: "translateY(-100%)"
                                }}
                                ref={function useMotionRef.useCallback}
                              >
                                ...
                                  <div className="num">
                                    <Line i={0} className="receipt-ca...">
                                      <motion.div initial={false} animate={{opacity:1}} transition={{delay:1.31, ...}} ...>
                                        <div
                                          className="flex items-baseline gap-2 h-6 whitespace-nowrap receipt-caps just..."
+                                         style={{opacity:1}}
-                                         style={{opacity:"0"}}
                                          ref={function useMotionRef.useCallback}
                                        >
                                    <Rule i={1}>
                                      <Line i={1} className="items-center">
                                        <motion.div initial={false} animate={{opacity:1}} transition={{delay:1.35, ...}} ...>
                                          <div
                                            className="flex items-baseline gap-2 h-6 whitespace-nowrap items-center"
+                                           style={{opacity:1}}
-                                           style={{opacity:"0"}}
                                            ref={function useMotionRef.useCallback}
                                          >
                                    <Line i={2} className="receipt-caps">
                                      <motion.div initial={false} animate={{opacity:1}} transition={{...}} ...>
                                        <div
                                          className="flex items-baseline gap-2 h-6 whitespace-nowrap receipt-caps"
+                                         style={{opacity:1}}
-                                         style={{opacity:"0"}}
                                          ref={function useMotionRef.useCallback}
                                        >
                                    <Row i={3} label="Proceeds">
                                      <Line i={3} className={undefined}>
                                        <motion.div initial={false} animate={{opacity:1}} transition={{...}} ...>
                                          <div
                                            className="flex items-baseline gap-2 h-6 whitespace-nowrap"
+                                           style={{opacity:1}}
-                                           style={{opacity:"0"}}
                                            ref={function useMotionRef.useCallback}
                                          >
                                    <Row i={4} label="Cost basis">
                                      <Line i={4} className={undefined}>
                                        <motion.div initial={false} animate={{opacity:1}} transition={{delay:1.47, ...}} ...>
                                          <div
                                            className="flex items-baseline gap-2 h-6 whitespace-nowrap"
+                                           style={{opacity:1}}
-                                           style={{opacity:"0"}}
                                            ref={function useMotionRef.useCallback}
                                          >
                                    <Row i={5} label="Realized">
                                      <Line i={5} className={undefined}>
                                        <motion.div initial={false} animate={{opacity:1}} transition={{delay:1.51, ...}} ...>
                                          <div
                                            className="flex items-baseline gap-2 h-6 whitespace-nowrap"
+                                           style={{opacity:1}}
-                                           style={{opacity:"0"}}
                                            ref={function useMotionRef.useCallback}
                                          >
                                    <Row i={6} label="Term">
                                      <Line i={6} className={undefined}>
                                        <motion.div initial={false} animate={{opacity:1}} transition={{delay:1.55, ...}} ...>
                                          <div
                                            className="flex items-baseline gap-2 h-6 whitespace-nowrap"
+                                           style={{opacity:1}}
-                                           style={{opacity:"0"}}
                                            ref={function useMotionRef.useCallback}
                                          >
                                    <Rule i={7} double={true}>
                                      <Line i={7} className="items-center">
                                        <motion.div initial={false} animate={{opacity:1}} transition={{delay:1.59, ...}} ...>
                                          <div
                                            className="flex items-baseline gap-2 h-6 whitespace-nowrap items-center"
+                                           style={{opacity:1}}
-                                           style={{opacity:"0"}}
                                            ref={function useMotionRef.useCallback}
                                          >
                                    <Row i={8} label="Deductible...">
                                      <Line i={8} className={undefined}>
                                        <motion.div initial={false} animate={{opacity:1}} transition={{...}} ...>
                                          <div
                                            className="flex items-baseline gap-2 h-6 whitespace-nowrap"
+                                           style={{opacity:1}}
-                                           style={{opacity:"0"}}
                                            ref={function useMotionRef.useCallback}
                                          >
                                    <Row i={9} className="font-medium" label={<span>}>
                                      <Line i={9} className="font-medium">
                                        <motion.div initial={false} animate={{opacity:1}} transition={{delay:1.67, ...}} ...>
                                          <div
                                            className="flex items-baseline gap-2 h-6 whitespace-nowrap font-medium"
+                                           style={{opacity:1}}
-                                           style={{opacity:"0"}}
                                            ref={function useMotionRef.useCallback}
                                          >
                                    <Line i={10} wrap={true} className="pl-3 text-...">
                                      <motion.div initial={false} animate={{opacity:1}} transition={{delay:1.71, ...}} ...>
                                        <div
                                          className="flex items-baseline gap-2 min-h-12 leading-6 sm:h-6 sm:min-h-0 sm..."
+                                         style={{opacity:1}}
-                                         style={{opacity:"0"}}
                                          ref={function useMotionRef.useCallback}
                                        >
                                    <Line i={11} className="pl-3 text-...">
                                      <motion.div initial={false} animate={{opacity:1}} transition={{delay:1.75, ...}} ...>
                                        <div
                                          className="flex items-baseline gap-2 h-6 whitespace-nowrap pl-3 text-ink-mut..."
+                                         style={{opacity:1}}
-                                         style={{opacity:"0"}}
                                          ref={function useMotionRef.useCallback}
                                        >
                                    <Rule i={12}>
                                      <Line i={12} className="items-center">
                                        <motion.div initial={false} animate={{opacity:1}} transition={{delay:1.79, ...}} ...>
                                          <div
                                            className="flex items-baseline gap-2 h-6 whitespace-nowrap items-center"
+                                           style={{opacity:1}}
-                                           style={{opacity:"0"}}
                                            ref={function useMotionRef.useCallback}
                                          >
                                    <Line i={13} className="mt-1 h-7 i...">
                                      <motion.div initial={false} animate={{opacity:1}} transition={{delay:1.83, ...}} ...>
                                        <div
                                          className="flex items-baseline gap-2 h-6 whitespace-nowrap mt-1 h-7 items-ce..."
+                                         style={{opacity:1}}
-                                         style={{opacity:"0"}}
                                          ref={function useMotionRef.useCallback}
                                        >
                ...
            ...
 @ http://localhost:3000/_next/static/chunks/node_modules_next_dist_1e8vcs8._.js:1052
[   13773ms] [INFO] %cDownload the React DevTools for a better development experience: https://react.dev/link/react-devtools font-weight:bold @ http://localhost:3000/_next/static/chunks/node_modules_next_dist_1e8vcs8._.js:776
[   13795ms] [LOG] [HMR] connected @ http://localhost:3000/_next/static/chunks/node_modules_next_dist_1e8vcs8._.js:776
[   13831ms] [WARNING] You have Reduced Motion enabled on your device. Animations may not appear as expected.. For more information and steps for solving, visit https://motion.dev/troubleshooting/reduced-motion-disabled @ http://localhost:3000/_next/static/chunks/node_modules_next_dist_1e8vcs8._.js:776
[   13910ms] [ERROR] A tree hydrated but some attributes of the server rendered HTML didn't match the client properties. This won't be patched up. This can happen if a SSR-ed Client Component used:

- A server/client branch `if (typeof window !== 'undefined')`.
- Variable input such as `Date.now()` or `Math.random()` which changes each time it's called.
- Date formatting in a user's locale which doesn't match the server.
- External changing data without sending a snapshot of it along with the HTML.
- Invalid HTML tag nesting.

It can also happen if the client has a browser extension installed which messes with the HTML before React loaded.

%s%s https://react.dev/link/hydration-mismatch 

  ...
    <div className="page-conta...">
      <h1>
      <div>
      <div>
      <div id="showcase" className="enter-rise..." style={{--d:"0.5s"}}>
        <Showcase>
          <div onFocus={function onFocus} onBlur={function onBlur}>
            <TradeTicket>
            <div className="slot-clip ...">
              <div className="relative i..." onPointerEnter={function onPointerEnter} ...>
                <div className={"grid [&>..."}>
                  <AnimatePresence>
                    <PresenceChild isPresent={true} initial={undefined} custom={undefined} presenceAffectsLayout={true} ...>
                      <PopChild pop={false} isPresent={true} anchorX="left" anchorY="top" root={undefined}>
                        <PopChildMeasure isPresent={true} childRef={{current:null}} sizeRef={{...}} pop={false}>
                          <Receipt model={{position:{...}, ...}} serial="#00042" printing={true} delay={0.85} ...>
                            <motion.div initial={false} animate={{y:[...], ...}} exit={{y:28,opacity:0, ...}} ...>
                              <div
                                className="w-full"
                                style={{
+                                 transform: "none"
-                                 transform: "translateY(-100%)"
                                }}
                                ref={function useMotionRef.useCallback}
                              >
                                ...
                                  <div className="num">
                                    <Line i={0} className="receipt-ca...">
                                      <motion.div initial={false} animate={{opacity:1}} transition={{delay:1.31, ...}} ...>
                                        <div
                                          className="flex items-baseline gap-2 h-6 whitespace-nowrap receipt-caps just..."
+                                         style={{opacity:1}}
-                                         style={{opacity:"0"}}
                                          ref={function useMotionRef.useCallback}
                                        >
                                    <Rule i={1}>
                                      <Line i={1} className="items-center">
                                        <motion.div initial={false} animate={{opacity:1}} transition={{delay:1.35, ...}} ...>
                                          <div
                                            className="flex items-baseline gap-2 h-6 whitespace-nowrap items-center"
+                                           style={{opacity:1}}
-                                           style={{opacity:"0"}}
                                            ref={function useMotionRef.useCallback}
                                          >
                                    <Line i={2} className="receipt-caps">
                                      <motion.div initial={false} animate={{opacity:1}} transition={{...}} ...>
                                        <div
                                          className="flex items-baseline gap-2 h-6 whitespace-nowrap receipt-caps"
+                                         style={{opacity:1}}
-                                         style={{opacity:"0"}}
                                          ref={function useMotionRef.useCallback}
                                        >
                                    <Row i={3} label="Proceeds">
                                      <Line i={3} className={undefined}>
                                        <motion.div initial={false} animate={{opacity:1}} transition={{...}} ...>
                                          <div
                                            className="flex items-baseline gap-2 h-6 whitespace-nowrap"
+                                           style={{opacity:1}}
-                                           style={{opacity:"0"}}
                                            ref={function useMotionRef.useCallback}
                                          >
                                    <Row i={4} label="Cost basis">
                                      <Line i={4} className={undefined}>
                                        <motion.div initial={false} animate={{opacity:1}} transition={{delay:1.47, ...}} ...>
                                          <div
                                            className="flex items-baseline gap-2 h-6 whitespace-nowrap"
+                                           style={{opacity:1}}
-                                           style={{opacity:"0"}}
                                            ref={function useMotionRef.useCallback}
                                          >
                                    <Row i={5} label="Realized">
                                      <Line i={5} className={undefined}>
                                        <motion.div initial={false} animate={{opacity:1}} transition={{delay:1.51, ...}} ...>
                                          <div
                                            className="flex items-baseline gap-2 h-6 whitespace-nowrap"
+                                           style={{opacity:1}}
-                                           style={{opacity:"0"}}
                                            ref={function useMotionRef.useCallback}
                                          >
                                    <Row i={6} label="Term">
                                      <Line i={6} className={undefined}>
                                        <motion.div initial={false} animate={{opacity:1}} transition={{delay:1.55, ...}} ...>
                                          <div
                                            className="flex items-baseline gap-2 h-6 whitespace-nowrap"
+                                           style={{opacity:1}}
-                                           style={{opacity:"0"}}
                                            ref={function useMotionRef.useCallback}
                                          >
                                    <Rule i={7} double={true}>
                                      <Line i={7} className="items-center">
                                        <motion.div initial={false} animate={{opacity:1}} transition={{delay:1.59, ...}} ...>
                                          <div
                                            className="flex items-baseline gap-2 h-6 whitespace-nowrap items-center"
+                                           style={{opacity:1}}
-                                           style={{opacity:"0"}}
                                            ref={function useMotionRef.useCallback}
                                          >
                                    <Row i={8} label="Deductible...">
                                      <Line i={8} className={undefined}>
                                        <motion.div initial={false} animate={{opacity:1}} transition={{...}} ...>
                                          <div
                                            className="flex items-baseline gap-2 h-6 whitespace-nowrap"
+                                           style={{opacity:1}}
-                                           style={{opacity:"0"}}
                                            ref={function useMotionRef.useCallback}
                                          >
                                    <Row i={9} className="font-medium" label={<span>}>
                                      <Line i={9} className="font-medium">
                                        <motion.div initial={false} animate={{opacity:1}} transition={{delay:1.67, ...}} ...>
                                          <div
                                            className="flex items-baseline gap-2 h-6 whitespace-nowrap font-medium"
+                                           style={{opacity:1}}
-                                           style={{opacity:"0"}}
                                            ref={function useMotionRef.useCallback}
                                          >
                                    <Line i={10} wrap={true} className="pl-3 text-...">
                                      <motion.div initial={false} animate={{opacity:1}} transition={{delay:1.71, ...}} ...>
                                        <div
                                          className="flex items-baseline gap-2 min-h-12 leading-6 sm:h-6 sm:min-h-0 sm..."
+                                         style={{opacity:1}}
-                                         style={{opacity:"0"}}
                                          ref={function useMotionRef.useCallback}
                                        >
                                    <Line i={11} className="pl-3 text-...">
                                      <motion.div initial={false} animate={{opacity:1}} transition={{delay:1.75, ...}} ...>
                                        <div
                                          className="flex items-baseline gap-2 h-6 whitespace-nowrap pl-3 text-ink-mut..."
+                                         style={{opacity:1}}
-                                         style={{opacity:"0"}}
                                          ref={function useMotionRef.useCallback}
                                        >
                                    <Rule i={12}>
                                      <Line i={12} className="items-center">
                                        <motion.div initial={false} animate={{opacity:1}} transition={{delay:1.79, ...}} ...>
                                          <div
                                            className="flex items-baseline gap-2 h-6 whitespace-nowrap items-center"
+                                           style={{opacity:1}}
-                                           style={{opacity:"0"}}
                                            ref={function useMotionRef.useCallback}
                                          >
                                    <Line i={13} className="mt-1 h-7 i...">
                                      <motion.div initial={false} animate={{opacity:1}} transition={{delay:1.83, ...}} ...>
                                        <div
                                          className="flex items-baseline gap-2 h-6 whitespace-nowrap mt-1 h-7 items-ce..."
+                                         style={{opacity:1}}
-                                         style={{opacity:"0"}}
                                          ref={function useMotionRef.useCallback}
                                        >
                ...
            ...
 @ http://localhost:3000/_next/static/chunks/node_modules_next_dist_1e8vcs8._.js:1052
